
> web@0.1.0 lint /Volumes/Disk-2/projects/uiqubes/apps/web
> eslint


/Volumes/Disk-2/projects/uiqubes/apps/web/app/(routes)/(auth)/sign-in/[[...sign-in]]/page.tsx
  45:16  error  Do not use an `<a>` element to navigate to `/`. Use `<Link />` from `next/link` instead. See: https://nextjs.org/docs/messages/no-html-link-for-pages  @next/next/no-html-link-for-pages
  45:16  error  Do not use an `<a>` element to navigate to `/`. Use `<Link />` from `next/link` instead. See: https://nextjs.org/docs/messages/no-html-link-for-pages  @next/next/no-html-link-for-pages

/Volumes/Disk-2/projects/uiqubes/apps/web/app/(routes)/(auth)/sign-up/[[...sign-up]]/page.tsx
  45:16  error  Do not use an `<a>` element to navigate to `/`. Use `<Link />` from `next/link` instead. See: https://nextjs.org/docs/messages/no-html-link-for-pages  @next/next/no-html-link-for-pages
  45:16  error  Do not use an `<a>` element to navigate to `/`. Use `<Link />` from `next/link` instead. See: https://nextjs.org/docs/messages/no-html-link-for-pages  @next/next/no-html-link-for-pages

/Volumes/Disk-2/projects/uiqubes/apps/web/app/(routes)/(otherPages)/contributors/page.tsx
  87:54  error  Unexpected any. Specify a different type  @typescript-eslint/no-explicit-any

/Volumes/Disk-2/projects/uiqubes/apps/web/app/(routes)/(otherPages)/privacy-policy/page.tsx
  37:95   error  `"` can be escaped with `&quot;`, `&ldquo;`, `&#34;`, `&rdquo;`  react/no-unescaped-entities
  37:103  error  `"` can be escaped with `&quot;`, `&ldquo;`, `&#34;`, `&rdquo;`  react/no-unescaped-entities

/Volumes/Disk-2/projects/uiqubes/apps/web/app/(routes)/(otherPages)/terms-of-service/page.tsx
  23:95   error  `"` can be escaped with `&quot;`, `&ldquo;`, `&#34;`, `&rdquo;`  react/no-unescaped-entities
  23:103  error  `"` can be escaped with `&quot;`, `&ldquo;`, `&#34;`, `&rdquo;`  react/no-unescaped-entities
  56:66   error  `"` can be escaped with `&quot;`, `&ldquo;`, `&#34;`, `&rdquo;`  react/no-unescaped-entities
  56:72   error  `"` can be escaped with `&quot;`, `&ldquo;`, `&#34;`, `&rdquo;`  react/no-unescaped-entities
  56:78   error  `"` can be escaped with `&quot;`, `&ldquo;`, `&#34;`, `&rdquo;`  react/no-unescaped-entities
  56:91   error  `"` can be escaped with `&quot;`, `&ldquo;`, `&#34;`, `&rdquo;`  react/no-unescaped-entities

✖ 13 problems (13 errors, 0 warnings)

 ELIFECYCLE  Command failed with exit code 1.
