
> web@0.1.0 build /Volumes/Disk-2/projects/uiqubes/apps/web
> next build

▲ Next.js 16.1.6 (Turbopack)
- Environments: .env

  Creating an optimized production build ...
✓ Compiled successfully in 4.0s
  Running TypeScript ...
  Collecting page data using 11 workers ...
  Generating static pages using 11 workers (0/8) ...
  Generating static pages using 11 workers (2/8) 
  Generating static pages using 11 workers (4/8) 
  Generating static pages using 11 workers (6/8) 
✓ Generating static pages using 11 workers (8/8) in 1038.7ms
  Finalizing page optimization ...

Route (app)
┌ ○ /
├ ○ /_not-found
├ ƒ /[...notfound]
├ ○ /about-us
├ ƒ /api/packages
├ ○ /brix
├ ƒ /brix/[slug]
├ ○ /contact-us
└ ○ /contributors


ƒ Proxy (Middleware)

○  (Static)   prerendered as static content
ƒ  (Dynamic)  server-rendered on demand

